#
# There is insufficient memory for the Java Runtime Environment to continue.
# Native memory allocation (mmap) failed to map 125829120 bytes for G1 virtual space
# Possible reasons:
#   The system is out of physical RAM or swap space
#   The process is running with CompressedOops enabled, and the Java Heap may be blocking the growth of the native heap
# Possible solutions:
#   Reduce memory load on the system
#   Increase physical memory or swap space
#   Check if swap backing store is full
#   Decrease Java heap size (-Xmx/-Xms)
#   Decrease number of Java threads
#   Decrease Java thread stack sizes (-Xss)
#   Set larger code cache with -XX:ReservedCodeCacheSize=
#   JVM is running with Unscaled Compressed Oops mode in which the Java heap is
#     placed in the first 4GB address space. The Java Heap base address is the
#     maximum limit for the native heap growth. Please use -XX:HeapBaseMinAddress
#     to set the Java Heap base and to place the Java Heap above 4GB virtual address.
# This output file may be truncated or incomplete.
#
#  Out of Memory Error (os_windows.cpp:3600), pid=20652, tid=9592
#
# JRE version:  (21.0.4+8) (build )
# Java VM: Java HotSpot(TM) 64-Bit Server VM (21.0.4+8-LTS-274, mixed mode, sharing, tiered, compressed oops, compressed class ptrs, g1 gc, windows-amd64)
# No core dump will be written. Minidumps are not enabled by default on client versions of Windows
#

---------------  S U M M A R Y ------------

Command Line: -Dfile.encoding=UTF-8 -Dstdout.encoding=UTF-8 -Dstderr.encoding=UTF-8 -XX:+ShowCodeDetailsInExceptionMessages swing_c_p02_FernandezAlvarezSergio.VentanaDialogoModal

Host: Intel(R) Core(TM) i5-7200U CPU @ 2.50GHz, 4 cores, 7G,  Windows 10 , 64 bit Build 19041 (10.0.19041.5072)
Time: Sun Nov 17 03:31:24 2024 Hora estándar romance elapsed time: 0.046070 seconds (0d 0h 0m 0s)

---------------  T H R E A D  ---------------

Current thread (0x00000232f84b3320):  JavaThread "Unknown thread" [_thread_in_vm, id=9592, stack(0x0000003971500000,0x0000003971600000) (1024K)]

Stack: [0x0000003971500000,0x0000003971600000]
Native frames: (J=compiled Java code, j=interpreted, Vv=VM code, C=native code)
V  [jvm.dll+0x6c8e59]
V  [jvm.dll+0x853181]
V  [jvm.dll+0x8556ae]
V  [jvm.dll+0x855d83]
V  [jvm.dll+0x27d526]
V  [jvm.dll+0x6c55f5]
V  [jvm.dll+0x6ba17a]
V  [jvm.dll+0x352a8a]
V  [jvm.dll+0x35a6e6]
V  [jvm.dll+0x3acdae]
V  [jvm.dll+0x3ad058]
V  [jvm.dll+0x326dec]
V  [jvm.dll+0x32794b]
V  [jvm.dll+0x81c569]
V  [jvm.dll+0x3b9a11]
V  [jvm.dll+0x805948]
V  [jvm.dll+0x44ec5e]
V  [jvm.dll+0x450851]
C  [jli.dll+0x52a3]
C  [ucrtbase.dll+0x21bb2]
C  [KERNEL32.DLL+0x17374]
C  [ntdll.dll+0x4cc91]


---------------  P R O C E S S  ---------------

Threads class SMR info:
_java_thread_list=0x00007ffef3886c08, length=0, elements={
}

Java Threads: ( => current thread )
Total: 0

Other Threads:
  0x00000232f84ffd30 WorkerThread "GC Thread#0"                     [id=3012, stack(0x0000003971600000,0x0000003971700000) (1024K)]
  0x00000232f8510b20 ConcurrentGCThread "G1 Main Marker"            [id=21672, stack(0x0000003971700000,0x0000003971800000) (1024K)]
  0x00000232f8514020 WorkerThread "G1 Conc#0"                       [id=19536, stack(0x0000003971800000,0x0000003971900000) (1024K)]

[error occurred during error reporting (printing all threads), id 0xc0000005, EXCEPTION_ACCESS_VIOLATION (0xc0000005) at pc=0x00007ffef2ff9577]
VM state: not at safepoint (not fully initialized)

VM Mutex/Monitor currently owned by a thread:  ([mutex/lock_event])
[0x00007ffef38f7f98] Heap_lock - owner thread: 0x00000232f84b3320

Heap address: 0x0000000089000000, size: 1904 MB, Compressed Oops mode: 32-bit

CDS archive(s) mapped at: [0x0000000000000000-0x0000000000000000-0x0000000000000000), size 0, SharedBaseAddress: 0x0000000800000000, ArchiveRelocationMode: 1.
Narrow klass base: 0x0000000000000000, Narrow klass shift: 0, Narrow klass range: 0x0

GC Precious Log:
 CardTable entry size: 512
 Card Set container configuration: InlinePtr #cards 5 size 8 Array Of Cards #cards 12 size 40 Howl #buckets 4 coarsen threshold 1843 Howl Bitmap #cards 512 size 80 coarsen threshold 460 Card regions per heap region 1 cards per card region 2048

Heap:
 garbage-first heap   total 0K, used 0K [0x0000000089000000, 0x0000000100000000)
  region size 1024K, 0 young (0K), 0 survivors (0K)

[error occurred during error reporting (printing heap information), id 0xc0000005, EXCEPTION_ACCESS_VIOLATION (0xc0000005) at pc=0x00007ffef33e1df9]
GC Heap History (0 events):
No events

Dll operation events (1 events):
Event: 0.027 Loaded shared library C:\Users\sergi\Desktop\DAM\JDK\jdk-21.0.4\bin\java.dll

Deoptimization events (0 events):
No events

Classes loaded (0 events):
No events

Classes unloaded (0 events):
No events

Classes redefined (0 events):
No events

Internal exceptions (0 events):
No events

ZGC Phase Switch (0 events):
No events

VM Operations (0 events):
No events

Events (0 events):
No events


Dynamic libraries:
0x00007ff69ba60000 - 0x00007ff69ba70000 	C:\Users\sergi\Desktop\DAM\JDK\jdk-21.0.4\bin\javaw.exe
0x00007fff67710000 - 0x00007fff67908000 	C:\WINDOWS\SYSTEM32\ntdll.dll
0x00007fff65980000 - 0x00007fff65a42000 	C:\WINDOWS\System32\KERNEL32.DLL
0x00007fff65430000 - 0x00007fff6572e000 	C:\WINDOWS\System32\KERNELBASE.dll
0x00007fff60ac0000 - 0x00007fff60b54000 	C:\WINDOWS\SYSTEM32\apphelp.dll
0x00007fff293b0000 - 0x00007fff29846000 	C:\WINDOWS\SYSTEM32\AcLayers.DLL
0x00007fff66bc0000 - 0x00007fff66c5e000 	C:\WINDOWS\System32\msvcrt.dll
0x00007fff66740000 - 0x00007fff668dd000 	C:\WINDOWS\System32\USER32.dll
0x00007fff65400000 - 0x00007fff65422000 	C:\WINDOWS\System32\win32u.dll
0x00007fff664c0000 - 0x00007fff664eb000 	C:\WINDOWS\System32\GDI32.dll
0x00007fff65270000 - 0x00007fff65387000 	C:\WINDOWS\System32\gdi32full.dll
0x00007fff64f10000 - 0x00007fff64fad000 	C:\WINDOWS\System32\msvcp_win.dll
0x00007fff650e0000 - 0x00007fff651e0000 	C:\WINDOWS\System32\ucrtbase.dll
0x00007fff65c90000 - 0x00007fff663fd000 	C:\WINDOWS\System32\SHELL32.dll
0x00007fff66c60000 - 0x00007fff66cb5000 	C:\WINDOWS\System32\SHLWAPI.dll
0x00007fff66400000 - 0x00007fff664b1000 	C:\WINDOWS\System32\ADVAPI32.dll
0x00007fff65bf0000 - 0x00007fff65c8f000 	C:\WINDOWS\System32\sechost.dll
0x00007fff668e0000 - 0x00007fff66a03000 	C:\WINDOWS\System32\RPCRT4.dll
0x00007fff650b0000 - 0x00007fff650d7000 	C:\WINDOWS\System32\bcrypt.dll
0x00000232f6410000 - 0x00000232f6413000 	C:\WINDOWS\SYSTEM32\sfc.dll
0x00007fff4cc50000 - 0x00007fff4ccf4000 	C:\WINDOWS\SYSTEM32\WINSPOOL.DRV
0x00007fff67370000 - 0x00007fff676c3000 	C:\WINDOWS\System32\combase.dll
0x00007fff65ab0000 - 0x00007fff65b5d000 	C:\WINDOWS\System32\shcore.dll
0x00007fff50ba0000 - 0x00007fff50bb2000 	C:\WINDOWS\SYSTEM32\sfc_os.DLL
0x00007fff31e40000 - 0x00007fff31ea3000 	C:\WINDOWS\SYSTEM32\AcGenral.DLL
0x00007fff66da0000 - 0x00007fff66ecb000 	C:\WINDOWS\System32\ole32.dll
0x00007fff64ca0000 - 0x00007fff64cce000 	C:\WINDOWS\SYSTEM32\USERENV.dll
0x00007fff5d4d0000 - 0x00007fff5d4ed000 	C:\WINDOWS\SYSTEM32\MPR.dll
0x00007fff64c60000 - 0x00007fff64c92000 	C:\WINDOWS\SYSTEM32\SspiCli.dll
0x00007fff65940000 - 0x00007fff6596f000 	C:\WINDOWS\System32\IMM32.DLL
0x00007fff5e840000 - 0x00007fff5e859000 	C:\Users\sergi\Desktop\DAM\JDK\jdk-21.0.4\bin\jli.dll
0x00007fff5de90000 - 0x00007fff5deab000 	C:\Users\sergi\Desktop\DAM\JDK\jdk-21.0.4\bin\VCRUNTIME140.dll
0x00007fff4cd60000 - 0x00007fff4cffa000 	C:\WINDOWS\WinSxS\amd64_microsoft.windows.common-controls_6595b64144ccf1df_6.0.19041.4355_none_60b8b9eb71f62e16\COMCTL32.dll
0x00007fff564b0000 - 0x00007fff564ba000 	C:\WINDOWS\SYSTEM32\VERSION.dll
0x00007fff5e9c0000 - 0x00007fff5e9cc000 	C:\Users\sergi\Desktop\DAM\JDK\jdk-21.0.4\bin\vcruntime140_1.dll
0x00007fff41190000 - 0x00007fff4121e000 	C:\Users\sergi\Desktop\DAM\JDK\jdk-21.0.4\bin\msvcp140.dll
0x00007ffef2cc0000 - 0x00007ffef39d3000 	C:\Users\sergi\Desktop\DAM\JDK\jdk-21.0.4\bin\server\jvm.dll
0x00007fff66ac0000 - 0x00007fff66b2b000 	C:\WINDOWS\System32\WS2_32.dll
0x00007fff64300000 - 0x00007fff6434b000 	C:\WINDOWS\SYSTEM32\POWRPROF.dll
0x00007fff51ef0000 - 0x00007fff51f17000 	C:\WINDOWS\SYSTEM32\WINMM.dll
0x00007fff64170000 - 0x00007fff64182000 	C:\WINDOWS\SYSTEM32\UMPDC.dll
0x00007fff635c0000 - 0x00007fff635d2000 	C:\WINDOWS\SYSTEM32\kernel.appcore.dll
0x00007fff5e830000 - 0x00007fff5e83a000 	C:\Users\sergi\Desktop\DAM\JDK\jdk-21.0.4\bin\jimage.dll
0x00007fff62ae0000 - 0x00007fff62cc4000 	C:\WINDOWS\SYSTEM32\DBGHELP.DLL
0x00007fff5c020000 - 0x00007fff5c054000 	C:\WINDOWS\SYSTEM32\dbgcore.DLL
0x00007fff651e0000 - 0x00007fff65262000 	C:\WINDOWS\System32\bcryptPrimitives.dll
0x00007fff54550000 - 0x00007fff5456f000 	C:\Users\sergi\Desktop\DAM\JDK\jdk-21.0.4\bin\java.dll

dbghelp: loaded successfully - version: 4.0.5 - missing functions: none
symbol engine: initialized successfully - sym options: 0x614 - pdb path: .;C:\Users\sergi\Desktop\DAM\JDK\jdk-21.0.4\bin;C:\WINDOWS\SYSTEM32;C:\WINDOWS\WinSxS\amd64_microsoft.windows.common-controls_6595b64144ccf1df_6.0.19041.4355_none_60b8b9eb71f62e16;C:\Users\sergi\Desktop\DAM\JDK\jdk-21.0.4\bin\server

VM Arguments:
jvm_args: -Dfile.encoding=UTF-8 -Dstdout.encoding=UTF-8 -Dstderr.encoding=UTF-8 -XX:+ShowCodeDetailsInExceptionMessages 
java_command: swing_c_p02_FernandezAlvarezSergio.VentanaDialogoModal
java_class_path (initial): C:\Users\sergi\Desktop\DAM\DIWEB\workspace\swing_c_p02_FernandezAlvarezSergio\bin
Launcher Type: SUN_STANDARD

[Global flags]
     intx CICompilerCount                          = 3                                         {product} {ergonomic}
     uint ConcGCThreads                            = 1                                         {product} {ergonomic}
     uint G1ConcRefinementThreads                  = 4                                         {product} {ergonomic}
   size_t G1HeapRegionSize                         = 1048576                                   {product} {ergonomic}
    uintx GCDrainStackTargetSize                   = 64                                        {product} {ergonomic}
   size_t InitialHeapSize                          = 125829120                                 {product} {ergonomic}
   size_t MarkStackSize                            = 4194304                                   {product} {ergonomic}
   size_t MaxHeapSize                              = 1996488704                                {product} {ergonomic}
   size_t MinHeapDeltaBytes                        = 1048576                                   {product} {ergonomic}
   size_t MinHeapSize                              = 8388608                                   {product} {ergonomic}
    uintx NonNMethodCodeHeapSize                   = 5832780                                {pd product} {ergonomic}
    uintx NonProfiledCodeHeapSize                  = 122912730                              {pd product} {ergonomic}
    uintx ProfiledCodeHeapSize                     = 122912730                              {pd product} {ergonomic}
    uintx ReservedCodeCacheSize                    = 251658240                              {pd product} {ergonomic}
     bool SegmentedCodeCache                       = true                                      {product} {ergonomic}
     bool ShowCodeDetailsInExceptionMessages       = true                                   {manageable} {command line}
   size_t SoftMaxHeapSize                          = 1996488704                             {manageable} {ergonomic}
     bool UseCompressedOops                        = true                           {product lp64_product} {ergonomic}
     bool UseG1GC                                  = true                                      {product} {ergonomic}
     bool UseLargePagesIndividualAllocation        = false                                  {pd product} {ergonomic}

Logging:
Log output configuration:
 #0: stdout all=warning uptime,level,tags foldmultilines=false
 #1: stderr all=off uptime,level,tags foldmultilines=false

Environment Variables:
JAVA_HOME=C:\Users\sergi\Desktop\DAM\JDK\jdk-21.0.4+7
CLASSPATH=.;C:\misclases;C:\xampp\mysql\bin;
PATH=C:/Users/sergi/.p2/pool/plugins/org.eclipse.justj.openjdk.hotspot.jre.full.win32.x86_64_23.0.0.v20240919-1706/jre/bin/server;C:/Users/sergi/.p2/pool/plugins/org.eclipse.justj.openjdk.hotspot.jre.full.win32.x86_64_23.0.0.v20240919-1706/jre/bin;C:\Users\sergi\Desktop\DAM\JDK\jdk-21.0.4+7\bin;C:\Program Files\Common Files\Oracle\Java\javapath;C:\Program Files\Java\jdk-19\bin;C:\Program Files (x86)\Common Files\Oracle\Java\javapath;C:\Program Files (x86)\Intel\Intel(R) Management Engine Components\iCLS\;C:\Program Files\Intel\Intel(R) Management Engine Components\iCLS\;C:\WINDOWS\system32;C:\WINDOWS;C:\WINDOWS\System32\Wbem;C:\WINDOWS\System32\WindowsPowerShell\v1.0\;C:\WINDOWS\System32\OpenSSH\;C:\Program Files (x86)\Intel\Intel(R) Management Engine Components\DAL;C:\Program Files\Intel\Intel(R) Management Engine Components\DAL;C:\Program Files (x86)\Intel\Intel(R) Management Engine Components\IPT;C:\Program Files\Intel\Intel(R) Management Engine Components\IPT;C:\Program Files\Git\cmd;C:\xampp\php;C:\ProgramData\ComposerSetup\bin;C:\Program Files\AutoFirmaJA\AutoFirmaJA;C:\apache-maven-3.6.3\bin;C:\Program Files\AutoFirma\AutoFirma;;C:\Program Files\Docker\Docker\resources\bin;C:\Users\sergi\Desktop\DAM\JDK\jdk-21.0.4+7\bin;C:\Program Files\MySQL\MySQL Shell 8.0\bin\;C:\xampp\mysql\bin;C:\Users\sergi\AppData\Local\Microsoft\WindowsApps;C:\Users\sergi\AppData\Local\GitHubDesktop\bin;C:\Users\sergi\AppData\Roaming\Composer\vendor\bin;C:\Users\sergi\AppData\Local\Programs\Microsoft VS Code\bin;C:\Program Files\JetBrains\IntelliJ IDEA Community Edition 2022.2.3\bin;;C:\WINDOWS\System32;
USERNAME=sergi
OS=Windows_NT
PROCESSOR_IDENTIFIER=Intel64 Family 6 Model 142 Stepping 9, GenuineIntel
TMP=C:\Users\sergi\AppData\Local\Temp
TEMP=C:\Users\sergi\AppData\Local\Temp




Periodic native trim disabled

---------------  S Y S T E M  ---------------

OS:
 Windows 10 , 64 bit Build 19041 (10.0.19041.5072)
OS uptime: 2 days 19:20 hours
Hyper-V role detected

CPU: total 4 (initial active 4) (2 cores per cpu, 2 threads per core) family 6 model 142 stepping 9 microcode 0xea, cx8, cmov, fxsr, ht, mmx, 3dnowpref, sse, sse2, sse3, ssse3, sse4.1, sse4.2, popcnt, lzcnt, tsc, tscinvbit, avx, avx2, aes, erms, clmul, bmi1, bmi2, adx, fma, vzeroupper, clflush, clflushopt, hv, rdtscp, f16c
Processor Information for all 4 processors :
  Max Mhz: 2712, Current Mhz: 2511, Mhz Limit: 2495

Memory: 4k page, system-wide physical 7613M (690M free)
TotalPageFile size 31165M (AvailPageFile size 8M)
current process WorkingSet (physical memory assigned to process): 13M, peak: 13M
current process commit charge ("private bytes"): 56M, peak: 176M

vm_info: Java HotSpot(TM) 64-Bit Server VM (21.0.4+8-LTS-274) for windows-amd64 JRE (21.0.4+8-LTS-274), built on 2024-06-05T05:23:33Z by "mach5one" with MS VC++ 17.6 (VS2022)

END.
